// Jest Snapshot v1, https://goo.gl/fbAQLP

exports[`Greeting component should render 1`] = `
<body>
  <div>
    <div
      class="MuiBox-root css-0"
      data-testid="greeting"
    >
      Good Morning
      , 
      Frank
    </div>
  </div>
</body>
`;
