// Jest Snapshot v1, https://goo.gl/fbAQLP

exports[`Copyright component should render 1`] = `
<body>
  <div>
    <p
      class="MuiTypography-root MuiTypography-body1 css-vkc4v8-MuiTypography-root"
      data-testid="copyright"
    >
      Â© 
      2000
       Learning Portrait
    </p>
  </div>
</body>
`;
